// Vitest Snapshot v1, https://vitest.dev/guide/snapshot.html

exports[`prompt da campanha > monta o prompt com tema, público e datas 1`] = `
"Você é o time de comunicação interna da empresa EMR, escrevendo em português do Brasil.
Escreva 2 comunicado(s) para uma campanha sobre: Semana da segurança.
Público-alvo: Todos.
Observações do solicitante: Citar a CIPA

Cada comunicado será publicado em uma destas datas, nesta ordem:
1. terça-feira, 01 de setembro às 09:00
2. quinta-feira, 03 de setembro às 09:00

REGRAS
- Um comunicado por data, na mesma ordem da lista.
- Desenvolva o comunicado inteiro: cada seção do modelo com conteúdo de verdade,
  entre 600 e 1500 caracteres de corpo. Não resuma até virar tópico solto:
  uma frase por seção é raso demais para um comunicado interno.
- Nunca passe de 2000 caracteres no corpo — aí sim é limite rígido.
- O título é o do post, aparece para quem lê, e tem no máximo 120 caracteres.
  O corpo começa pelo texto: não repita o título como primeira linha nem como subtítulo.
- A campanha deve progredir: abertura, desenvolvimento e encerramento. Não repita o mesmo texto.
- Não invente número, data, nome de pessoa, benefício ou política que não esteja no tema.
- Português do Brasil com ortografia e ACENTUAÇÃO corretas ("saúde", "precisão",
  "parabéns"). Nunca escreva sem acento para poupar espaço.
- Tom caloroso e profissional. Sem aspas ao redor do texto.
- Formatação permitida no corpo, e só ela: **negrito**, *itálico*, "## " para
  subtítulo, "- " para item de lista, "1. " para item numerado. Emoji com
  parcimônia, quando o modelo pedir. Nada de tabela, imagem ou HTML.

FORMATO DA RESPOSTA
Responda APENAS com um array JSON, sem texto antes ou depois, com exatamente 2 objeto(s):
[{"title": "...", "body": "...", "visualHint": "sugestão de imagem em uma frase"}]"
`;
